[debug] [2025-05-01T20:30:07.510Z] ----------------------------------------------------------------------
[debug] [2025-05-01T20:30:07.514Z] Command:       C:\Program Files\nodejs\node.exe C:\Users\tonyb\AppData\Roaming\npm\node_modules\firebase-tools\lib\bin\firebase.js init hosting
[debug] [2025-05-01T20:30:07.514Z] CLI Version:   14.2.2
[debug] [2025-05-01T20:30:07.514Z] Platform:      win32
[debug] [2025-05-01T20:30:07.514Z] Node Version:  v22.14.0
[debug] [2025-05-01T20:30:07.515Z] Time:          Thu May 01 2025 23:30:07 GMT+0300 (East Africa Time)
[debug] [2025-05-01T20:30:07.515Z] ----------------------------------------------------------------------
[debug] 
[debug] [2025-05-01T20:30:07.829Z] > command requires scopes: ["email","openid","https://www.googleapis.com/auth/cloudplatformprojects.readonly","https://www.googleapis.com/auth/firebase","https://www.googleapis.com/auth/cloud-platform"]
[debug] [2025-05-01T20:30:07.830Z] > authorizing via signed-in user (alphastudios83@gmail.com)
[info] 
     ######## #### ########  ######## ########     ###     ######  ########
     ##        ##  ##     ## ##       ##     ##  ##   ##  ##       ##
     ######    ##  ########  ######   ########  #########  ######  ######
     ##        ##  ##    ##  ##       ##     ## ##     ##       ## ##
     ##       #### ##     ## ######## ########  ##     ##  ######  ########

You're about to initialize a Firebase project in this directory:

  C:\Users\tonyb\Documents\VS CODE\WEBSIDE\WEBSITE

Before we get started, keep in mind:

  * You are initializing within an existing Firebase project directory

[info] 
=== Project Setup
[info] 
[info] First, let's associate this project directory with a Firebase project.
[info] You can create multiple project aliases by running firebase use --add, 
[info] but for now we'll just set up a default project.
[info] 
[debug] [2025-05-01T20:30:12.688Z] Using project from CLI flag: waheedmusic-ee18c
[debug] [2025-05-01T20:30:12.690Z] Checked if tokens are valid: true, expires at: 1746132611337
[debug] [2025-05-01T20:30:12.690Z] Checked if tokens are valid: true, expires at: 1746132611337
[debug] [2025-05-01T20:30:12.691Z] >>> [apiv2][query] GET https://firebase.googleapis.com/v1beta1/projects/waheedmusic-ee18c [none]
[debug] [2025-05-01T20:30:13.485Z] <<< [apiv2][status] GET https://firebase.googleapis.com/v1beta1/projects/waheedmusic-ee18c 200
[debug] [2025-05-01T20:30:13.486Z] <<< [apiv2][body] GET https://firebase.googleapis.com/v1beta1/projects/waheedmusic-ee18c {"projectId":"waheedmusic-ee18c","projectNumber":"162100719347","displayName":"waheedmusic","name":"projects/waheedmusic-ee18c","resources":{"hostingSite":"waheedmusic-ee18c"},"state":"ACTIVE","etag":"1_a3e61b97-b7b6-4129-8d8a-fade514a00bc"}
[info] i  Using project waheedmusic-ee18c (waheedmusic) 
[info] 
=== Hosting Setup
[debug] [2025-05-01T20:30:13.499Z] Checked if tokens are valid: true, expires at: 1746132611337
[debug] [2025-05-01T20:30:13.499Z] Checked if tokens are valid: true, expires at: 1746132611337
[debug] [2025-05-01T20:30:13.499Z] >>> [apiv2][query] GET https://firebase.googleapis.com/v1beta1/projects/waheedmusic-ee18c [none]
[debug] [2025-05-01T20:30:13.934Z] <<< [apiv2][status] GET https://firebase.googleapis.com/v1beta1/projects/waheedmusic-ee18c 200
[debug] [2025-05-01T20:30:13.934Z] <<< [apiv2][body] GET https://firebase.googleapis.com/v1beta1/projects/waheedmusic-ee18c {"projectId":"waheedmusic-ee18c","projectNumber":"162100719347","displayName":"waheedmusic","name":"projects/waheedmusic-ee18c","resources":{"hostingSite":"waheedmusic-ee18c"},"state":"ACTIVE","etag":"1_a3e61b97-b7b6-4129-8d8a-fade514a00bc"}
[info] 
[info] Your public directory is the folder (relative to your project directory) that
[info] will contain Hosting assets to be uploaded with firebase deploy. If you
[info] have a build process for your assets, use your build's output directory.
[info] 
[debug] [2025-05-01T20:30:45.046Z] >>> [apiv2][query] GET https://www.gstatic.com/firebasejs/releases.json [none]
[debug] [2025-05-01T20:30:45.353Z] <<< [apiv2][status] GET https://www.gstatic.com/firebasejs/releases.json 200
[debug] [2025-05-01T20:30:45.353Z] <<< [apiv2][body] GET https://www.gstatic.com/firebasejs/releases.json {"current":{"version":"11.6.1","browserURL":"https://www.gstatic.com/firebasejs/11.6.1/firebase.js","packageURL":"https://www.gstatic.com/firebasejs/11.6.1/firebase.tgz"},"live":{"version":"11.6","browserURL":"https://www.gstatic.com/firebasejs/live/11.6/firebase.js","packageURL":"https://www.gstatic.com/firebasejs/live/11.6/firebase.tgz"},"components":{"analytics":"https://www.gstatic.com/firebasejs/11.6.1/firebase-analytics.js","app":"https://www.gstatic.com/firebasejs/11.6.1/firebase-app.js","app-check":"https://www.gstatic.com/firebasejs/11.6.1/firebase-app-check.js","auth":"https://www.gstatic.com/firebasejs/11.6.1/firebase-auth.js","auth/cordova":"https://www.gstatic.com/firebasejs/11.6.1/firebase-auth/cordova.js","auth/web-extension":"https://www.gstatic.com/firebasejs/11.6.1/firebase-auth/web-extension.js","functions":"https://www.gstatic.com/firebasejs/11.6.1/firebase-functions.js","firestore":"https://www.gstatic.com/firebasejs/11.6.1/firebase-firestore.js","firestore/lite":"https://www.gstatic.com/firebasejs/11.6.1/firebase-firestore/lite.js","installations":"https://www.gstatic.com/firebasejs/11.6.1/firebase-installations.js","storage":"https://www.gstatic.com/firebasejs/11.6.1/firebase-storage.js","performance":"https://www.gstatic.com/firebasejs/11.6.1/firebase-performance.js","remote-config":"https://www.gstatic.com/firebasejs/11.6.1/firebase-remote-config.js","messaging":"https://www.gstatic.com/firebasejs/11.6.1/firebase-messaging.js","messaging/sw":"https://www.gstatic.com/firebasejs/11.6.1/firebase-messaging/sw.js","database":"https://www.gstatic.com/firebasejs/11.6.1/firebase-database.js","vertexai":"https://www.gstatic.com/firebasejs/11.6.1/firebase-vertexai.js","data-connect":"https://www.gstatic.com/firebasejs/11.6.1/firebase-data-connect.js","firestore.memory":"https://www.gstatic.com/firebasejs/11.6.1/firebase-firestore.memory.js"}}
[info] +  Wrote yes/index.html 
[info] 
[info] i  Didn't detect a .git folder. Assuming C:\Users\tonyb\Documents\VS CODE\WEBSIDE\WEBSITE\Grace Sample is the project root. 
[info] i  Authorizing with GitHub to upload your service account to a GitHub repository's secrets store. 
[info] 
[info] Visit this URL on this device to log in:
[info] https://github.com/login/oauth/authorize?client_id=89cf50f02ac6aaed3484&state=685453199&redirect_uri=http%3A%2F%2Flocalhost%3A9005&scope=read%3Auser%20repo%20public_repo
[info] 
[info] Waiting for authentication...
[debug] [2025-05-01T20:31:07.932Z] >>> [apiv2][query] POST https://github.com/login/oauth/access_token [none]
[debug] [2025-05-01T20:31:07.932Z] >>> [apiv2][body] POST https://github.com/login/oauth/access_token [stream]
[debug] [2025-05-01T20:31:08.552Z] <<< [apiv2][status] POST https://github.com/login/oauth/access_token 200
[debug] [2025-05-01T20:31:08.552Z] <<< [apiv2][body] POST https://github.com/login/oauth/access_token {"access_token":"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","token_type":"bearer","scope":"read:user,repo"}
[debug] [2025-05-01T20:31:08.559Z] >>> [apiv2][query] GET https://api.github.com/user [none]
[debug] [2025-05-01T20:31:09.075Z] <<< [apiv2][status] GET https://api.github.com/user 200
[debug] [2025-05-01T20:31:09.075Z] <<< [apiv2][body] GET https://api.github.com/user {"login":"alphastudios83","id":206190344,"node_id":"U_kgDODEo3CA","avatar_url":"https://avatars.githubusercontent.com/u/206190344?v=4","gravatar_id":"","url":"https://api.github.com/users/alphastudios83","html_url":"https://github.com/alphastudios83","followers_url":"https://api.github.com/users/alphastudios83/followers","following_url":"https://api.github.com/users/alphastudios83/following{/other_user}","gists_url":"https://api.github.com/users/alphastudios83/gists{/gist_id}","starred_url":"https://api.github.com/users/alphastudios83/starred{/owner}{/repo}","subscriptions_url":"https://api.github.com/users/alphastudios83/subscriptions","organizations_url":"https://api.github.com/users/alphastudios83/orgs","repos_url":"https://api.github.com/users/alphastudios83/repos","events_url":"https://api.github.com/users/alphastudios83/events{/privacy}","received_events_url":"https://api.github.com/users/alphastudios83/received_events","type":"User","user_view_type":"private","site_admin":false,"name":null,"company":null,"blog":"","location":null,"email":null,"hireable":null,"bio":null,"twitter_username":null,"notification_email":null,"public_repos":0,"public_gists":0,"followers":0,"following":0,"created_at":"2025-04-04T08:21:25Z","updated_at":"2025-04-04T08:22:12Z","private_gists":0,"total_private_repos":1,"owned_private_repos":1,"disk_usage":0,"collaborators":0,"two_factor_authentication":false,"plan":{"name":"free","space":976562499,"collaborators":0,"private_repos":10000}}
[info] 
[info] +  Success! Logged into GitHub as alphastudios83 
[info] 
[debug] [2025-05-01T20:31:30.639Z] >>> [apiv2][query] GET https://api.github.com/repos/y/actions/secrets/public-key type=owner
[debug] [2025-05-01T20:31:31.124Z] <<< [apiv2][status] GET https://api.github.com/repos/y/actions/secrets/public-key 404
[debug] [2025-05-01T20:31:31.124Z] <<< [apiv2][body] GET https://api.github.com/repos/y/actions/secrets/public-key {"message":"Not Found","documentation_url":"https://docs.github.com/rest","status":"404"}
[info] 
[info] 
[error] !  The provided authorization cannot be used with this repository. If this repository is in an organization, did you remember to grant access? 
[info] 
[info] i  Action required: Visit this URL to ensure access has been granted to the appropriate organization(s) for the Firebase CLI GitHub OAuth App: 
[info] https://github.com/settings/connections/applications/89cf50f02ac6aaed3484
[info] 
[debug] [2025-05-01T20:31:35.400Z] >>> [apiv2][query] GET https://api.github.com/repos/y/actions/secrets/public-key type=owner
[debug] [2025-05-01T20:31:35.749Z] <<< [apiv2][status] GET https://api.github.com/repos/y/actions/secrets/public-key 404
[debug] [2025-05-01T20:31:35.749Z] <<< [apiv2][body] GET https://api.github.com/repos/y/actions/secrets/public-key {"message":"Not Found","documentation_url":"https://docs.github.com/rest","status":"404"}
[info] 
[info] 
[error] !  The provided authorization cannot be used with this repository. If this repository is in an organization, did you remember to grant access? 
[info] 
[info] i  Action required: Visit this URL to ensure access has been granted to the appropriate organization(s) for the Firebase CLI GitHub OAuth App: 
[info] https://github.com/settings/connections/applications/89cf50f02ac6aaed3484
[info] 
[debug] [2025-05-01T20:31:42.635Z] >>> [apiv2][query] GET https://api.github.com/repos/yes/actions/secrets/public-key type=owner
[debug] [2025-05-01T20:31:43.109Z] <<< [apiv2][status] GET https://api.github.com/repos/yes/actions/secrets/public-key 404
[debug] [2025-05-01T20:31:43.109Z] <<< [apiv2][body] GET https://api.github.com/repos/yes/actions/secrets/public-key {"message":"Not Found","documentation_url":"https://docs.github.com/rest","status":"404"}
[info] 
[info] 
[error] !  The provided authorization cannot be used with this repository. If this repository is in an organization, did you remember to grant access? 
[info] 
[info] i  Action required: Visit this URL to ensure access has been granted to the appropriate organization(s) for the Firebase CLI GitHub OAuth App: 
[info] https://github.com/settings/connections/applications/89cf50f02ac6aaed3484
[info] 
[debug] [2025-05-01T20:31:44.209Z] >>> [apiv2][query] GET https://api.github.com/repos/yes/actions/secrets/public-key type=owner
[debug] [2025-05-01T20:31:44.535Z] <<< [apiv2][status] GET https://api.github.com/repos/yes/actions/secrets/public-key 404
[debug] [2025-05-01T20:31:44.535Z] <<< [apiv2][body] GET https://api.github.com/repos/yes/actions/secrets/public-key {"message":"Not Found","documentation_url":"https://docs.github.com/rest","status":"404"}
[info] 
[info] 
[error] !  The provided authorization cannot be used with this repository. If this repository is in an organization, did you remember to grant access? 
[info] 
[info] i  Action required: Visit this URL to ensure access has been granted to the appropriate organization(s) for the Firebase CLI GitHub OAuth App: 
[info] https://github.com/settings/connections/applications/89cf50f02ac6aaed3484
[info] 
